#
# A fatal error has been detected by the Java Runtime Environment:
#
#  EXCEPTION_ACCESS_VIOLATION (0xc0000005) at pc=0x00007fff07af840a, pid=9220, tid=7764
#
# JRE version: OpenJDK Runtime Environment (23.0.2+7) (build 23.0.2+7-58)
# Java VM: OpenJDK 64-Bit Server VM (23.0.2+7-58, mixed mode, sharing, tiered, compressed oops, compressed class ptrs, g1 gc, windows-amd64)
# Problematic frame:
# V  [jvm.dll+0x2f840a]
#
# No core dump will be written. Minidumps are not enabled by default on client versions of Windows
#
# If you would like to submit a bug report, please visit:
#   https://bugreport.java.com/bugreport/crash.jsp
#

---------------  S U M M A R Y ------------

Command Line: -javaagent:C:\Program Files\JetBrains\IntelliJ IDEA Community Edition 2025.1.1.1\lib\idea_rt.jar=58670 -Dfile.encoding=UTF-8 -Dsun.stdout.encoding=UTF-8 -Dsun.stderr.encoding=UTF-8 com.example.coursachTrzbd.CoursachTrzbdApplication

Host: 11th Gen Intel(R) Core(TM) i5-11400 @ 2.60GHz, 12 cores, 7G,  Windows 10 , 64 bit Build 19041 (10.0.19041.5794)
Time: Fri May 30 17:18:41 2025 RTZ 2 (s 10 , 64 bit Build 19041 (10.0.19041.5794) elapsed time: 4.072205 seconds (0d 0h 0m 4s)

---------------  T H R E A D  ---------------

Current thread (0x000001e6472ce610):  JavaThread "C2 CompilerThread2" daemon [_thread_in_native, id=7764, stack(0x0000008e75400000,0x0000008e75500000) (1024K)]


Current CompileTask:
C2:4072 5093       4       java.lang.invoke.LambdaForm$Name::replaceNames (175 bytes)

Stack: [0x0000008e75400000,0x0000008e75500000],  sp=0x0000008e754fbf30,  free space=1007k
Native frames: (J=compiled Java code, j=interpreted, Vv=VM code, C=native code)
V  [jvm.dll+0x2f840a]  (no source info available)
V  [jvm.dll+0x2f7f2c]  (no source info available)
V  [jvm.dll+0x2f96e4]  (no source info available)
V  [jvm.dll+0x2fae74]  (no source info available)
V  [jvm.dll+0x2462b0]  (no source info available)
V  [jvm.dll+0x243e04]  (no source info available)
V  [jvm.dll+0x1c34b0]  (no source info available)
V  [jvm.dll+0x253df1]  (no source info available)
V  [jvm.dll+0x2520aa]  (no source info available)
V  [jvm.dll+0x3ee226]  (no source info available)
V  [jvm.dll+0x8254cb]  (no source info available)
V  [jvm.dll+0x6df345]  (no source info available)
C  [ucrtbase.dll+0x21bb2]  (no source info available)
C  [KERNEL32.DLL+0x17374]  (no source info available)
C  [ntdll.dll+0x4cc91]  (no source info available)


siginfo: EXCEPTION_ACCESS_VIOLATION (0xc0000005), reading address 0x000001e64fe023e6


Registers:
RAX=0x0000000000000006, RBX=0x000001e6496c1bee, RCX=0x000001e647121270, RDX=0x000001e6496c1b00
RSP=0x0000008e754fbf30, RBP=0x0000008e754fc150, RSI=0x000001e6496c0fb8, RDI=0x000001e647121270
R8 =0x0000008e754fc150, R9 =0x0000000000000024, R10=0x000001e647fa2628, R11=0x0000008e754fbd60
R12=0x0000000000000120, R13=0x000001e6471212e0, R14=0x00000000000000c7, R15=0x0000008e754fc570
RIP=0x00007fff07af840a, EFLAGS=0x0000000000010297


Register to memory mapping:

RAX=0x0000000000000006 is an unknown value
RBX=0x000001e6496c1bee points into unknown readable memory: 00 00
RCX=0x000001e647121270 points into unknown readable memory: 0x000009c7000008e4 | e4 08 00 00 c7 09 00 00
RDX=0x000001e6496c1b00 points into unknown readable memory: 0x00007fff082487f0 | f0 87 24 08 ff 7f 00 00
RSP=0x0000008e754fbf30 is pointing into the stack for thread: 0x000001e6472ce610
RBP=0x0000008e754fc150 is pointing into the stack for thread: 0x000001e6472ce610
RSI=0x000001e6496c0fb8 points into unknown readable memory: 0xffffffffffffffff | ff ff ff ff ff ff ff ff
RDI=0x000001e647121270 points into unknown readable memory: 0x000009c7000008e4 | e4 08 00 00 c7 09 00 00
R8 =0x0000008e754fc150 is pointing into the stack for thread: 0x000001e6472ce610
R9 =0x0000000000000024 is an unknown value
R10=0x000001e647fa2628 points into unknown readable memory: 0x00007fff0827aff8 | f8 af 27 08 ff 7f 00 00
R11=0x0000008e754fbd60 is pointing into the stack for thread: 0x000001e6472ce610
R12=0x0000000000000120 is an unknown value
R13=0x000001e6471212e0 points into unknown readable memory: 0x000001e6472bbc90 | 90 bc 2b 47 e6 01 00 00
R14=0x00000000000000c7 is an unknown value
R15=0x0000008e754fc570 is pointing into the stack for thread: 0x000001e6472ce610

Top of Stack: (sp=0x0000008e754fbf30)
0x0000008e754fbf30:   0000008e754fc570 0000000000000000
0x0000008e754fbf40:   000001e64940a6b0 0000008e754fc150
0x0000008e754fbf50:   000001e647121270 00007fff07af7f2c
0x0000008e754fbf60:   000001e6496c1b00 000001e6496c1b00
0x0000008e754fbf70:   0000008e754fc150 000001e647121270
0x0000008e754fbf80:   000001e6496c1b00 000001e6000000c7
0x0000008e754fbf90:   0000000000000040 0000000000000020
0x0000008e754fbfa0:   0000000000000040 0000008e754fc0c0
0x0000008e754fbfb0:   000001e6496c1b00 00007fff07af96e4
0x0000008e754fbfc0:   000001e6496c0fb8 000001e6471286d0
0x0000008e754fbfd0:   000001e647121270 0000000000000002
0x0000008e754fbfe0:   000001e649f362b0 0000008e00000100
0x0000008e754fbff0:   000001e647dea9d0 000001e6496c1b00
0x0000008e754fc000:   0000000200000002 0000004000000040
0x0000008e754fc010:   0000002f00000020 000001e64a44ce40
0x0000008e754fc020:   0000000200000000 000001e647dea9d0
0x0000008e754fc030:   0000000000000000 000001e60000013d
0x0000008e754fc040:   0000008e754fe540 000001e647deaa00
0x0000008e754fc050:   0000000400000003 000001e64a44ce40
0x0000008e754fc060:   0000000000000000 000001e64a44ce60
0x0000008e754fc070:   000001e64a44d060 0000008000000049
0x0000008e754fc080:   000001e64a44d060 0000000000000000
0x0000008e754fc090:   000001e64a44cd40 000001e64a44d460
0x0000008e754fc0a0:   000001e647deaa60 000001e64a44c1e0
0x0000008e754fc0b0:   000001e647dea9f0 0000004000000024
0x0000008e754fc0c0:   000001e64a44d460 0000000000000000
0x0000008e754fc0d0:   0000002000000011 000001e64a44cd40
0x0000008e754fc0e0:   0000000000000000 0000000200000000
0x0000008e754fc0f0:   000001e647dea9f0 0000000000000000
0x0000008e754fc100:   0000002000000017 000001e64a44c1e0
0x0000008e754fc110:   0000000000000000 0000000200000000
0x0000008e754fc120:   000001e647deaa60 0000000000000000 

Instructions: (pc=0x00007fff07af840a)
0x00007fff07af830a:   04 04 04 04 04 04 04 04 04 04 04 04 04 04 04 04
0x00007fff07af831a:   04 04 04 01 01 01 02 02 02 02 02 02 04 04 04 04
0x00007fff07af832a:   04 04 04 03 04 04 04 04 04 04 04 04 04 04 04 04
0x00007fff07af833a:   04 04 04 04 04 04 04 04 04 04 04 04 04 04 04 04
0x00007fff07af834a:   04 04 04 04 04 04 04 04 04 04 04 04 04 04 04 04
0x00007fff07af835a:   04 04 04 04 04 04 04 04 04 04 04 04 04 04 04 04
0x00007fff07af836a:   04 04 04 04 04 04 04 04 04 04 04 04 04 04 04 04
0x00007fff07af837a:   04 04 04 04 04 04 04 04 04 04 04 04 04 04 04 04
0x00007fff07af838a:   04 04 04 04 04 04 04 04 04 04 04 04 04 04 04 04
0x00007fff07af839a:   04 04 04 04 04 04 04 04 04 04 04 04 04 04 04 04
0x00007fff07af83aa:   04 04 04 04 04 04 04 04 04 04 04 04 04 04 04 04
0x00007fff07af83ba:   04 04 04 04 04 04 02 cc cc cc cc cc cc cc cc cc
0x00007fff07af83ca:   cc cc cc cc cc cc 48 89 5c 24 10 48 89 6c 24 18
0x00007fff07af83da:   57 48 83 ec 20 48 8b 41 68 49 8b e8 44 8b 4a 28
0x00007fff07af83ea:   48 8b da 48 8b f9 48 8b 40 28 48 8b 40 10 4e 8b
0x00007fff07af83fa:   14 c8 41 8b 42 10 83 f8 06 75 06 4d 8b 52 18 eb
0x00007fff07af840a:   13 83 f8 07 75 06 4d 8b 52 18 eb 08 83 c0 ee 83
0x00007fff07af841a:   f8 08 77 62 4d 85 d2 74 5d 48 8b 42 08 48 89 74
0x00007fff07af842a:   24 30 48 8b 48 10 48 8b 47 08 48 63 51 28 48 8b
0x00007fff07af843a:   34 d0 48 85 ed 74 23 41 b8 01 00 00 00 48 8b d3
0x00007fff07af844a:   48 8b cf e8 0e f7 ff ff 48 85 f6 75 0d 48 8b d3
0x00007fff07af845a:   48 8b cd e8 3e 04 dd ff eb 17 48 63 43 28 4c 8b
0x00007fff07af846a:   c6 48 8b 57 08 48 8b cf 48 8b 14 c2 e8 c5 e5 ff
0x00007fff07af847a:   ff 48 8b 74 24 30 48 8b 5c 24 38 48 8b 6c 24 40
0x00007fff07af848a:   48 83 c4 20 5f c3 41 54 41 57 48 83 ec 38 8b 42
0x00007fff07af849a:   18 4c 8b e2 4c 8b f9 85 c0 0f 8e d6 00 00 00 48
0x00007fff07af84aa:   89 5c 24 50 48 89 6c 24 58 48 89 74 24 60 33 f6
0x00007fff07af84ba:   48 89 7c 24 30 4c 89 6c 24 28 4c 89 74 24 20 44
0x00007fff07af84ca:   8b f0 0f 1f 40 00 49 8b 44 24 20 33 c9 48 8b 3c
0x00007fff07af84da:   06 48 8b c7 40 f6 c7 01 74 08 41 8b 4f 50 48 83
0x00007fff07af84ea:   e0 fe 8b 68 44 03 e9 8b dd c1 eb 05 41 3b 5f 30
0x00007fff07af84fa:   72 0b 8b d3 49 8d 4f 30 e8 49 eb 56 00 49 8b 47 


Stack slot to memory mapping:

stack at sp + 0 slots: 0x0000008e754fc570 is pointing into the stack for thread: 0x000001e6472ce610
stack at sp + 1 slots: 0x0 is null
stack at sp + 2 slots: 0x000001e64940a6b0 points into unknown readable memory: 0x00007fff0827a758 | 58 a7 27 08 ff 7f 00 00
stack at sp + 3 slots: 0x0000008e754fc150 is pointing into the stack for thread: 0x000001e6472ce610
stack at sp + 4 slots: 0x000001e647121270 points into unknown readable memory: 0x000009c7000008e4 | e4 08 00 00 c7 09 00 00
stack at sp + 5 slots: 0x00007fff07af7f2c jvm.dll
stack at sp + 6 slots: 0x000001e6496c1b00 points into unknown readable memory: 0x00007fff082487f0 | f0 87 24 08 ff 7f 00 00
stack at sp + 7 slots: 0x000001e6496c1b00 points into unknown readable memory: 0x00007fff082487f0 | f0 87 24 08 ff 7f 00 00

Lock stack of current Java thread (top to bottom):


---------------  P R O C E S S  ---------------

Threads class SMR info:
_java_thread_list=0x000001e649865be0, length=20, elements={
0x000001e663aae080, 0x000001e600b3d280, 0x000001e600b3e150, 0x000001e600b3fed0,
0x000001e600b40930, 0x000001e600b416f0, 0x000001e600b4a6c0, 0x000001e600b510e0,
0x000001e600b51d60, 0x000001e600c4ee40, 0x000001e600d7f510, 0x000001e600f9db80,
0x000001e600f9e1f0, 0x000001e6472ce610, 0x000001e648433240, 0x000001e648341600,
0x000001e647cfe170, 0x000001e647cfc730, 0x000001e647cfee90, 0x000001e647cfe800
}

Java Threads: ( => current thread )
  0x000001e663aae080 JavaThread "main"                              [_thread_in_vm, id=12212, stack(0x0000008e73700000,0x0000008e73800000) (1024K)]
  0x000001e600b3d280 JavaThread "Reference Handler"          daemon [_thread_blocked, id=9452, stack(0x0000008e73f00000,0x0000008e74000000) (1024K)]
  0x000001e600b3e150 JavaThread "Finalizer"                  daemon [_thread_blocked, id=9100, stack(0x0000008e74000000,0x0000008e74100000) (1024K)]
  0x000001e600b3fed0 JavaThread "Signal Dispatcher"          daemon [_thread_blocked, id=12536, stack(0x0000008e74100000,0x0000008e74200000) (1024K)]
  0x000001e600b40930 JavaThread "Attach Listener"            daemon [_thread_blocked, id=11320, stack(0x0000008e74200000,0x0000008e74300000) (1024K)]
  0x000001e600b416f0 JavaThread "Service Thread"             daemon [_thread_blocked, id=6704, stack(0x0000008e74300000,0x0000008e74400000) (1024K)]
  0x000001e600b4a6c0 JavaThread "Monitor Deflation Thread"   daemon [_thread_blocked, id=8400, stack(0x0000008e74400000,0x0000008e74500000) (1024K)]
  0x000001e600b510e0 JavaThread "C2 CompilerThread0"         daemon [_thread_in_native, id=11192, stack(0x0000008e74500000,0x0000008e74600000) (1024K)]
  0x000001e600b51d60 JavaThread "C1 CompilerThread0"         daemon [_thread_blocked, id=2416, stack(0x0000008e74600000,0x0000008e74700000) (1024K)]
  0x000001e600c4ee40 JavaThread "Common-Cleaner"             daemon [_thread_blocked, id=12632, stack(0x0000008e74700000,0x0000008e74800000) (1024K)]
  0x000001e600d7f510 JavaThread "C2 CompilerThread1"         daemon [_thread_in_native, id=8252, stack(0x0000008e74800000,0x0000008e74900000) (1024K)]
  0x000001e600f9db80 JavaThread "Monitor Ctrl-Break"         daemon [_thread_in_native, id=7252, stack(0x0000008e74900000,0x0000008e74a00000) (1024K)]
  0x000001e600f9e1f0 JavaThread "Notification Thread"        daemon [_thread_blocked, id=7024, stack(0x0000008e74a00000,0x0000008e74b00000) (1024K)]
=>0x000001e6472ce610 JavaThread "C2 CompilerThread2"         daemon [_thread_in_native, id=7764, stack(0x0000008e75400000,0x0000008e75500000) (1024K)]
  0x000001e648433240 JavaThread "Catalina-utility-1"                [_thread_blocked, id=4900, stack(0x0000008e75100000,0x0000008e75200000) (1024K)]
  0x000001e648341600 JavaThread "Catalina-utility-2"                [_thread_blocked, id=10960, stack(0x0000008e75800000,0x0000008e75900000) (1024K)]
  0x000001e647cfe170 JavaThread "container-0"                       [_thread_blocked, id=12920, stack(0x0000008e75900000,0x0000008e75a00000) (1024K)]
  0x000001e647cfc730 JavaThread "PostgreSQL-JDBC-Cleaner"    daemon [_thread_blocked, id=6268, stack(0x0000008e75b00000,0x0000008e75c00000) (1024K)]
  0x000001e647cfee90 JavaThread "HikariPool-1 housekeeper"   daemon [_thread_blocked, id=2160, stack(0x0000008e75c00000,0x0000008e75d00000) (1024K)]
  0x000001e647cfe800 JavaThread "HikariPool-1 connection adder" daemon [_thread_blocked, id=8460, stack(0x0000008e75d00000,0x0000008e75e00000) (1024K)]
Total: 20

Other Threads:
  0x000001e600b27e70 VMThread "VM Thread"                           [id=2232, stack(0x0000008e73e00000,0x0000008e73f00000) (1024K)]
  0x000001e600b114c0 WatcherThread "VM Periodic Task Thread"        [id=5816, stack(0x0000008e73d00000,0x0000008e73e00000) (1024K)]
  0x000001e663b01dd0 WorkerThread "GC Thread#0"                     [id=5420, stack(0x0000008e73800000,0x0000008e73900000) (1024K)]
  0x000001e646960b30 WorkerThread "GC Thread#1"                     [id=5064, stack(0x0000008e74b00000,0x0000008e74c00000) (1024K)]
  0x000001e6469a2880 WorkerThread "GC Thread#2"                     [id=6216, stack(0x0000008e74c00000,0x0000008e74d00000) (1024K)]
  0x000001e6469a2c30 WorkerThread "GC Thread#3"                     [id=7000, stack(0x0000008e74d00000,0x0000008e74e00000) (1024K)]
  0x000001e6469a33e0 WorkerThread "GC Thread#4"                     [id=9608, stack(0x0000008e74e00000,0x0000008e74f00000) (1024K)]
  0x000001e6469a3790 WorkerThread "GC Thread#5"                     [id=2256, stack(0x0000008e74f00000,0x0000008e75000000) (1024K)]
  0x000001e6469a3b40 WorkerThread "GC Thread#6"                     [id=12524, stack(0x0000008e75000000,0x0000008e75100000) (1024K)]
  0x000001e646c56160 WorkerThread "GC Thread#7"                     [id=260, stack(0x0000008e75200000,0x0000008e75300000) (1024K)]
  0x000001e646c54ef0 WorkerThread "GC Thread#8"                     [id=6916, stack(0x0000008e75300000,0x0000008e75400000) (1024K)]
  0x000001e646c54790 WorkerThread "GC Thread#9"                     [id=11576, stack(0x0000008e75500000,0x0000008e75600000) (1024K)]
  0x000001e663b16d50 ConcurrentGCThread "G1 Main Marker"            [id=3768, stack(0x0000008e73900000,0x0000008e73a00000) (1024K)]
  0x000001e663b19c30 WorkerThread "G1 Conc#0"                       [id=6376, stack(0x0000008e73a00000,0x0000008e73b00000) (1024K)]
  0x000001e646c54b40 WorkerThread "G1 Conc#1"                       [id=12592, stack(0x0000008e75600000,0x0000008e75700000) (1024K)]
  0x000001e6487f8700 WorkerThread "G1 Conc#2"                       [id=5576, stack(0x0000008e75700000,0x0000008e75800000) (1024K)]
  0x000001e6009e3360 ConcurrentGCThread "G1 Refine#0"               [id=12540, stack(0x0000008e73b00000,0x0000008e73c00000) (1024K)]
  0x000001e6009e5d90 ConcurrentGCThread "G1 Service"                [id=12216, stack(0x0000008e73c00000,0x0000008e73d00000) (1024K)]
Total: 18

Threads with active compile tasks:
C2 CompilerThread0  4113 5168       4       jdk.internal.loader.BuiltinClassLoader::defineClass (121 bytes)
C2 CompilerThread1  4113 5185       4       jdk.internal.classfile.impl.SplitConstantPool::findEntry (112 bytes)
C2 CompilerThread2  4113 5093       4       java.lang.invoke.LambdaForm$Name::replaceNames (175 bytes)
Total: 3

VM state: not at safepoint (normal execution)

VM Mutex/Monitor currently owned by a thread: None

Heap address: 0x0000000086600000, size: 1946 MB, Compressed Oops mode: 32-bit

CDS archive(s) mapped at: [0x000001e601000000-0x000001e601d70000-0x000001e601d70000), size 14090240, SharedBaseAddress: 0x000001e601000000, ArchiveRelocationMode: 1.
Compressed class space mapped at: 0x000001e602000000-0x000001e642000000, reserved size: 1073741824
Narrow klass base: 0x000001e601000000, Narrow klass shift: 0, Narrow klass range: 0x41000000

GC Precious Log:
 CardTable entry size: 512
 Card Set container configuration: InlinePtr #cards 5 size 8 Array Of Cards #cards 10 size 36 Howl #buckets 4 coarsen threshold 1843 Howl Bitmap #cards 512 size 80 coarsen threshold 460 Card regions per heap region 1 cards per card region 2048
 CPUs: 12 total, 12 available
 Memory: 7783M
 Large Page Support: Disabled
 NUMA Support: Disabled
 Compressed Oops: Enabled (32-bit)
 Heap Region Size: 1M
 Heap Min Capacity: 8M
 Heap Initial Capacity: 122M
 Heap Max Capacity: 1946M
 Pre-touch: Disabled
 Parallel Workers: 10
 Concurrent Workers: 3
 Concurrent Refinement Workers: 10
 Periodic GC: Disabled

Heap:
 garbage-first heap   total reserved 1992704K, committed 58368K, used 43298K [0x0000000086600000, 0x0000000100000000)
  region size 1024K, 25 young (25600K), 4 survivors (4096K)
 Metaspace       used 46396K, committed 46912K, reserved 1114112K
  class space    used 6342K, committed 6592K, reserved 1048576K

Heap Regions: E=young(eden), S=young(survivor), O=old, HS=humongous(starts), HC=humongous(continues), CS=collection set, F=free, TAMS=top-at-mark-start, PB=parsable bottom
|   0|0x0000000086600000, 0x0000000086700000, 0x0000000086700000|100%|HS|  |TAMS 0x0000000086600000| PB 0x0000000086600000| Complete |  0
|   1|0x0000000086700000, 0x0000000086800000, 0x0000000086800000|100%|HS|  |TAMS 0x0000000086700000| PB 0x0000000086700000| Complete |  0
|   2|0x0000000086800000, 0x0000000086900000, 0x0000000086900000|100%| O|  |TAMS 0x0000000086800000| PB 0x0000000086800000| Untracked |  0
|   3|0x0000000086900000, 0x0000000086a00000, 0x0000000086a00000|100%| O|  |TAMS 0x0000000086900000| PB 0x0000000086900000| Untracked |  0
|   4|0x0000000086a00000, 0x0000000086b00000, 0x0000000086b00000|100%| O|  |TAMS 0x0000000086a00000| PB 0x0000000086a00000| Untracked |  0
|   5|0x0000000086b00000, 0x0000000086c00000, 0x0000000086c00000|100%| O|  |TAMS 0x0000000086b00000| PB 0x0000000086b00000| Untracked |  0
|   6|0x0000000086c00000, 0x0000000086d00000, 0x0000000086d00000|100%| O|  |TAMS 0x0000000086c00000| PB 0x0000000086c00000| Untracked |  0
|   7|0x0000000086d00000, 0x0000000086e00000, 0x0000000086e00000|100%| O|  |TAMS 0x0000000086d00000| PB 0x0000000086d00000| Untracked |  0
|   8|0x0000000086e00000, 0x0000000086e49b78, 0x0000000086f00000| 28%| O|Cm|TAMS 0x0000000086e00000| PB 0x0000000086e00000| Complete |  0
|   9|0x0000000086f00000, 0x0000000087000000, 0x0000000087000000|100%| O|  |TAMS 0x0000000086f00000| PB 0x0000000086f00000| Untracked |  0
|  10|0x0000000087000000, 0x0000000087100000, 0x0000000087100000|100%| O|  |TAMS 0x0000000087000000| PB 0x0000000087000000| Untracked |  0
|  11|0x0000000087100000, 0x0000000087200000, 0x0000000087200000|100%| O|  |TAMS 0x0000000087100000| PB 0x0000000087100000| Untracked |  0
|  12|0x0000000087200000, 0x0000000087300000, 0x0000000087300000|100%| O|  |TAMS 0x0000000087200000| PB 0x0000000087200000| Untracked |  0
|  13|0x0000000087300000, 0x0000000087400000, 0x0000000087400000|100%| O|  |TAMS 0x0000000087300000| PB 0x0000000087300000| Untracked |  0
|  14|0x0000000087400000, 0x0000000087500000, 0x0000000087500000|100%| O|  |TAMS 0x0000000087400000| PB 0x0000000087400000| Untracked |  0
|  15|0x0000000087500000, 0x0000000087600000, 0x0000000087600000|100%| O|  |TAMS 0x0000000087500000| PB 0x0000000087500000| Untracked |  0
|  16|0x0000000087600000, 0x0000000087700000, 0x0000000087700000|100%| O|  |TAMS 0x0000000087600000| PB 0x0000000087600000| Untracked |  0
|  17|0x0000000087700000, 0x0000000087735780, 0x0000000087800000| 20%| O|  |TAMS 0x0000000087700000| PB 0x0000000087700000| Untracked |  0
|  18|0x0000000087800000, 0x0000000087800000, 0x0000000087900000|  0%| F|  |TAMS 0x0000000087800000| PB 0x0000000087800000| Untracked |  0
|  19|0x0000000087900000, 0x0000000087a00000, 0x0000000087a00000|100%| O|  |TAMS 0x0000000087900000| PB 0x0000000087900000| Untracked |  0
|  20|0x0000000087a00000, 0x0000000087b00000, 0x0000000087b00000|100%| O|  |TAMS 0x0000000087a00000| PB 0x0000000087a00000| Untracked |  0
|  21|0x0000000087b00000, 0x0000000087c00000, 0x0000000087c00000|100%| O|  |TAMS 0x0000000087b00000| PB 0x0000000087b00000| Untracked |  0
|  22|0x0000000087c00000, 0x0000000087c00000, 0x0000000087d00000|  0%| F|  |TAMS 0x0000000087c00000| PB 0x0000000087c00000| Untracked |  0
|  23|0x0000000087d00000, 0x0000000087d00000, 0x0000000087e00000|  0%| F|  |TAMS 0x0000000087d00000| PB 0x0000000087d00000| Untracked |  0
|  24|0x0000000087e00000, 0x0000000087e00000, 0x0000000087f00000|  0%| F|  |TAMS 0x0000000087e00000| PB 0x0000000087e00000| Untracked |  0
|  25|0x0000000087f00000, 0x0000000087fc98d0, 0x0000000088000000| 78%| S|CS|TAMS 0x0000000087f00000| PB 0x0000000087f00000| Complete |  0
|  26|0x0000000088000000, 0x0000000088100000, 0x0000000088100000|100%| S|CS|TAMS 0x0000000088000000| PB 0x0000000088000000| Complete |  0
|  27|0x0000000088100000, 0x0000000088200000, 0x0000000088200000|100%| S|CS|TAMS 0x0000000088100000| PB 0x0000000088100000| Complete |  0
|  28|0x0000000088200000, 0x0000000088300000, 0x0000000088300000|100%| S|CS|TAMS 0x0000000088200000| PB 0x0000000088200000| Complete |  0
|  29|0x0000000088300000, 0x0000000088300000, 0x0000000088400000|  0%| F|  |TAMS 0x0000000088300000| PB 0x0000000088300000| Untracked |  0
|  30|0x0000000088400000, 0x0000000088400000, 0x0000000088500000|  0%| F|  |TAMS 0x0000000088400000| PB 0x0000000088400000| Untracked |  0
|  31|0x0000000088500000, 0x0000000088500000, 0x0000000088600000|  0%| F|  |TAMS 0x0000000088500000| PB 0x0000000088500000| Untracked |  0
|  32|0x0000000088600000, 0x0000000088600000, 0x0000000088700000|  0%| F|  |TAMS 0x0000000088600000| PB 0x0000000088600000| Untracked |  0
|  33|0x0000000088700000, 0x0000000088700000, 0x0000000088800000|  0%| F|  |TAMS 0x0000000088700000| PB 0x0000000088700000| Untracked |  0
|  34|0x0000000088800000, 0x0000000088800000, 0x0000000088900000|  0%| F|  |TAMS 0x0000000088800000| PB 0x0000000088800000| Untracked |  0
|  35|0x0000000088900000, 0x0000000088900000, 0x0000000088a00000|  0%| F|  |TAMS 0x0000000088900000| PB 0x0000000088900000| Untracked |  0
|  36|0x0000000088a00000, 0x0000000088a72030, 0x0000000088b00000| 44%| E|  |TAMS 0x0000000088a00000| PB 0x0000000088a00000| Complete |  0
|  37|0x0000000088b00000, 0x0000000088c00000, 0x0000000088c00000|100%| E|CS|TAMS 0x0000000088b00000| PB 0x0000000088b00000| Complete |  0
|  38|0x0000000088c00000, 0x0000000088d00000, 0x0000000088d00000|100%| E|  |TAMS 0x0000000088c00000| PB 0x0000000088c00000| Complete |  0
|  39|0x0000000088d00000, 0x0000000088e00000, 0x0000000088e00000|100%| E|CS|TAMS 0x0000000088d00000| PB 0x0000000088d00000| Complete |  0
|  40|0x0000000088e00000, 0x0000000088f00000, 0x0000000088f00000|100%| E|CS|TAMS 0x0000000088e00000| PB 0x0000000088e00000| Complete |  0
|  41|0x0000000088f00000, 0x0000000089000000, 0x0000000089000000|100%| E|CS|TAMS 0x0000000088f00000| PB 0x0000000088f00000| Complete |  0
|  42|0x0000000089000000, 0x0000000089100000, 0x0000000089100000|100%| E|CS|TAMS 0x0000000089000000| PB 0x0000000089000000| Complete |  0
|  43|0x0000000089100000, 0x0000000089200000, 0x0000000089200000|100%| E|CS|TAMS 0x0000000089100000| PB 0x0000000089100000| Complete |  0
|  44|0x0000000089200000, 0x0000000089300000, 0x0000000089300000|100%| E|CS|TAMS 0x0000000089200000| PB 0x0000000089200000| Complete |  0
|  45|0x0000000089300000, 0x0000000089400000, 0x0000000089400000|100%| E|CS|TAMS 0x0000000089300000| PB 0x0000000089300000| Complete |  0
|  46|0x0000000089400000, 0x0000000089500000, 0x0000000089500000|100%| E|CS|TAMS 0x0000000089400000| PB 0x0000000089400000| Complete |  0
|  47|0x0000000089500000, 0x0000000089600000, 0x0000000089600000|100%| E|CS|TAMS 0x0000000089500000| PB 0x0000000089500000| Complete |  0
|  48|0x0000000089600000, 0x0000000089700000, 0x0000000089700000|100%| E|CS|TAMS 0x0000000089600000| PB 0x0000000089600000| Complete |  0
|  49|0x0000000089700000, 0x0000000089800000, 0x0000000089800000|100%| E|CS|TAMS 0x0000000089700000| PB 0x0000000089700000| Complete |  0
|  50|0x0000000089800000, 0x0000000089900000, 0x0000000089900000|100%| E|CS|TAMS 0x0000000089800000| PB 0x0000000089800000| Complete |  0
|  79|0x000000008b500000, 0x000000008b600000, 0x000000008b600000|100%| E|CS|TAMS 0x000000008b500000| PB 0x000000008b500000| Complete |  0
|  80|0x000000008b600000, 0x000000008b700000, 0x000000008b700000|100%| E|CS|TAMS 0x000000008b600000| PB 0x000000008b600000| Complete |  0
|  81|0x000000008b700000, 0x000000008b800000, 0x000000008b800000|100%| E|CS|TAMS 0x000000008b700000| PB 0x000000008b700000| Complete |  0
|  82|0x000000008b800000, 0x000000008b900000, 0x000000008b900000|100%| E|CS|TAMS 0x000000008b800000| PB 0x000000008b800000| Complete |  0
|  83|0x000000008b900000, 0x000000008ba00000, 0x000000008ba00000|100%| E|CS|TAMS 0x000000008b900000| PB 0x000000008b900000| Complete |  0
| 121|0x000000008df00000, 0x000000008e000000, 0x000000008e000000|100%| E|CS|TAMS 0x000000008df00000| PB 0x000000008df00000| Complete |  0

Card table byte_map: [0x000001e67bc10000,0x000001e67bfe0000] _byte_map_base: 0x000001e67b7dd000

Marking Bits: (CMBitMap*) 0x000001e663b03400
 Bits: [0x000001e67bfe0000, 0x000001e67de48000)

Polling page: 0x000001e6618d0000

Metaspace:

Usage:
  Non-class:     39.13 MB used.
      Class:      6.20 MB used.
       Both:     45.33 MB used.

Virtual space:
  Non-class space:       64.00 MB reserved,      39.44 MB ( 62%) committed,  1 nodes.
      Class space:        1.00 GB reserved,       6.44 MB ( <1%) committed,  1 nodes.
             Both:        1.06 GB reserved,      45.88 MB (  4%) committed. 

Chunk freelists:
   Non-Class:  8.11 MB
       Class:  9.56 MB
        Both:  17.67 MB

MaxMetaspaceSize: unlimited
CompressedClassSpaceSize: 1.00 GB
Initial GC threshold: 21.00 MB
Current GC threshold: 58.88 MB
CDS: on
 - commit_granule_bytes: 65536.
 - commit_granule_words: 8192.
 - virtual_space_node_default_size: 8388608.
 - enlarge_chunks_in_place: 1.
 - use_allocation_guard: 0.


Internal statistics:

num_allocs_failed_limit: 6.
num_arena_births: 700.
num_arena_deaths: 0.
num_vsnodes_births: 2.
num_vsnodes_deaths: 0.
num_space_committed: 734.
num_space_uncommitted: 0.
num_chunks_returned_to_freelist: 6.
num_chunks_taken_from_freelist: 2289.
num_chunk_merges: 6.
num_chunk_splits: 1631.
num_chunks_enlarged: 1242.
num_inconsistent_stats: 0.

CodeHeap 'non-profiled nmethods': size=120064Kb used=2363Kb max_used=2363Kb free=117700Kb
 bounds [0x000001e673ca0000, 0x000001e673f10000, 0x000001e67b1e0000]
CodeHeap 'profiled nmethods': size=120000Kb used=7538Kb max_used=7538Kb free=112461Kb
 bounds [0x000001e66c1e0000, 0x000001e66c940000, 0x000001e673710000]
CodeHeap 'non-nmethods': size=5696Kb used=1708Kb max_used=1759Kb free=3987Kb
 bounds [0x000001e673710000, 0x000001e673980000, 0x000001e673ca0000]
CodeCache: size=245760Kb, used=11609Kb, max_used=11660Kb, free=234148Kb
 total_blobs=5470, nmethods=4832, adapters=542, full_count=0
Compilation: enabled, stopped_count=0, restarted_count=0

Compilation events (20 events):
Event: 2.895 Thread 0x000001e600d7f510 nmethod 5086 0x000001e673ed0688 code [0x000001e673ed08a0, 0x000001e673ed1f00]
Event: 2.895 Thread 0x000001e600d7f510 5094       4       java.lang.invoke.MemberName::getMethodOrFieldType (72 bytes)
Event: 2.899 Thread 0x000001e600d7f510 nmethod 5094 0x000001e673ed2008 code [0x000001e673ed2220, 0x000001e673ed2a18]
Event: 2.900 Thread 0x000001e600b510e0 nmethod 4943 0x000001e673ed2b08 code [0x000001e673ed32e0, 0x000001e673edef60]
Event: 2.900 Thread 0x000001e600b510e0 5108       4       java.lang.ClassLoader::loadClass (7 bytes)
Event: 2.901 Thread 0x000001e600b51d60 5109   !   3       jdk.internal.misc.ScopedMemoryAccess::putLong (21 bytes)
Event: 2.901 Thread 0x000001e600b510e0 nmethod 5108 0x000001e673edf208 code [0x000001e673edf340, 0x000001e673edf4c8]
Event: 2.901 Thread 0x000001e600b51d60 nmethod 5109 0x000001e66c23d088 code [0x000001e66c23d1e0, 0x000001e66c23d670]
Event: 2.901 Thread 0x000001e600b51d60 5110   !   3       jdk.internal.misc.ScopedMemoryAccess::putLongInternal (35 bytes)
Event: 2.901 Thread 0x000001e600b51d60 nmethod 5110 0x000001e66c927388 code [0x000001e66c9274c0, 0x000001e66c9277c8]
Event: 2.902 Thread 0x000001e600b51d60 5111       3       java.nio.MappedByteBuffer::limit (6 bytes)
Event: 2.902 Thread 0x000001e600b51d60 nmethod 5111 0x000001e66c927808 code [0x000001e66c927940, 0x000001e66c927b50]
Event: 2.903 Thread 0x000001e600d7f510 5112       4       sun.net.www.protocol.jar.Handler::parseURL (173 bytes)
Event: 2.903 Thread 0x000001e600b510e0 5113       4       sun.net.www.protocol.jar.Handler::indexOfBangSlash (52 bytes)
Event: 2.906 Thread 0x000001e600b510e0 nmethod 5113 0x000001e673edf588 code [0x000001e673edf6c0, 0x000001e673edf9e8]
Event: 2.906 Thread 0x000001e600b510e0 5114       4       sun.net.www.protocol.jar.Handler::canonicalizeString (72 bytes)
Event: 2.908 Thread 0x000001e600b510e0 nmethod 5114 0x000001e673edfa88 code [0x000001e673edfba0, 0x000001e673edff98]
Event: 2.908 Thread 0x000001e600b510e0 5115       4       java.net.URLStreamHandler::setURL (159 bytes)
Event: 2.909 Thread 0x000001e600b51d60 5118       3       java.lang.invoke.MemberName::asNormalOriginal (105 bytes)
Event: 2.909 Thread 0x000001e600b51d60 nmethod 5118 0x000001e66c927b88 code [0x000001e66c927d20, 0x000001e66c928320]

GC Heap History (16 events):
Event: 0.484 GC heap before
{Heap before GC invocations=0 (full 0):
 garbage-first heap   total reserved 1992704K, committed 124928K, used 25600K [0x0000000086600000, 0x0000000100000000)
  region size 1024K, 24 young (24576K), 0 survivors (0K)
 Metaspace       used 6679K, committed 6848K, reserved 1114112K
  class space    used 819K, committed 896K, reserved 1048576K
}
Event: 0.490 GC heap after
{Heap after GC invocations=1 (full 0):
 garbage-first heap   total reserved 1992704K, committed 124928K, used 8432K [0x0000000086600000, 0x0000000100000000)
  region size 1024K, 3 young (3072K), 3 survivors (3072K)
 Metaspace       used 6679K, committed 6848K, reserved 1114112K
  class space    used 819K, committed 896K, reserved 1048576K
}
Event: 0.745 GC heap before
{Heap before GC invocations=1 (full 0):
 garbage-first heap   total reserved 1992704K, committed 124928K, used 28912K [0x0000000086600000, 0x0000000100000000)
  region size 1024K, 24 young (24576K), 3 survivors (3072K)
 Metaspace       used 12117K, committed 12416K, reserved 1114112K
  class space    used 1631K, committed 1792K, reserved 1048576K
}
Event: 0.748 GC heap after
{Heap after GC invocations=2 (full 0):
 garbage-first heap   total reserved 1992704K, committed 124928K, used 10293K [0x0000000086600000, 0x0000000100000000)
  region size 1024K, 2 young (2048K), 2 survivors (2048K)
 Metaspace       used 12117K, committed 12416K, reserved 1114112K
  class space    used 1631K, committed 1792K, reserved 1048576K
}
Event: 1.022 GC heap before
{Heap before GC invocations=2 (full 0):
 garbage-first heap   total reserved 1992704K, committed 124928K, used 45109K [0x0000000086600000, 0x0000000100000000)
  region size 1024K, 38 young (38912K), 2 survivors (2048K)
 Metaspace       used 21226K, committed 21504K, reserved 1114112K
  class space    used 2761K, committed 2880K, reserved 1048576K
}
Event: 1.026 GC heap after
{Heap after GC invocations=3 (full 0):
 garbage-first heap   total reserved 1992704K, committed 124928K, used 13435K [0x0000000086600000, 0x0000000100000000)
  region size 1024K, 5 young (5120K), 5 survivors (5120K)
 Metaspace       used 21226K, committed 21504K, reserved 1114112K
  class space    used 2761K, committed 2880K, reserved 1048576K
}
Event: 1.280 GC heap before
{Heap before GC invocations=4 (full 0):
 garbage-first heap   total reserved 1992704K, committed 48128K, used 36987K [0x0000000086600000, 0x0000000100000000)
  region size 1024K, 28 young (28672K), 5 survivors (5120K)
 Metaspace       used 24157K, committed 24512K, reserved 1114112K
  class space    used 3143K, committed 3264K, reserved 1048576K
}
Event: 1.285 GC heap after
{Heap after GC invocations=5 (full 0):
 garbage-first heap   total reserved 1992704K, committed 48128K, used 16267K [0x0000000086600000, 0x0000000100000000)
  region size 1024K, 4 young (4096K), 4 survivors (4096K)
 Metaspace       used 24157K, committed 24512K, reserved 1114112K
  class space    used 3143K, committed 3264K, reserved 1048576K
}
Event: 1.566 GC heap before
{Heap before GC invocations=5 (full 0):
 garbage-first heap   total reserved 1992704K, committed 48128K, used 34699K [0x0000000086600000, 0x0000000100000000)
  region size 1024K, 22 young (22528K), 4 survivors (4096K)
 Metaspace       used 26983K, committed 27328K, reserved 1114112K
  class space    used 3532K, committed 3712K, reserved 1048576K
}
Event: 1.574 GC heap after
{Heap after GC invocations=6 (full 0):
 garbage-first heap   total reserved 1992704K, committed 48128K, used 17586K [0x0000000086600000, 0x0000000100000000)
  region size 1024K, 2 young (2048K), 2 survivors (2048K)
 Metaspace       used 26983K, committed 27328K, reserved 1114112K
  class space    used 3532K, committed 3712K, reserved 1048576K
}
Event: 1.845 GC heap before
{Heap before GC invocations=6 (full 0):
 garbage-first heap   total reserved 1992704K, committed 48128K, used 36018K [0x0000000086600000, 0x0000000100000000)
  region size 1024K, 20 young (20480K), 2 survivors (2048K)
 Metaspace       used 30505K, committed 30912K, reserved 1114112K
  class space    used 4051K, committed 4224K, reserved 1048576K
}
Event: 1.849 GC heap after
{Heap after GC invocations=7 (full 0):
 garbage-first heap   total reserved 1992704K, committed 58368K, used 19719K [0x0000000086600000, 0x0000000100000000)
  region size 1024K, 3 young (3072K), 3 survivors (3072K)
 Metaspace       used 30505K, committed 30912K, reserved 1114112K
  class space    used 4051K, committed 4224K, reserved 1048576K
}
Event: 2.329 GC heap before
{Heap before GC invocations=7 (full 0):
 garbage-first heap   total reserved 1992704K, committed 58368K, used 43271K [0x0000000086600000, 0x0000000100000000)
  region size 1024K, 27 young (27648K), 3 survivors (3072K)
 Metaspace       used 35463K, committed 35968K, reserved 1114112K
  class space    used 4705K, committed 4928K, reserved 1048576K
}
Event: 2.333 GC heap after
{Heap after GC invocations=8 (full 0):
 garbage-first heap   total reserved 1992704K, committed 58368K, used 21988K [0x0000000086600000, 0x0000000100000000)
  region size 1024K, 4 young (4096K), 4 survivors (4096K)
 Metaspace       used 35463K, committed 35968K, reserved 1114112K
  class space    used 4705K, committed 4928K, reserved 1048576K
}
Event: 2.712 GC heap before
{Heap before GC invocations=9 (full 0):
 garbage-first heap   total reserved 1992704K, committed 58368K, used 45540K [0x0000000086600000, 0x0000000100000000)
  region size 1024K, 28 young (28672K), 4 survivors (4096K)
 Metaspace       used 41753K, committed 42304K, reserved 1114112K
  class space    used 5578K, committed 5824K, reserved 1048576K
}
Event: 2.715 GC heap after
{Heap after GC invocations=10 (full 0):
 garbage-first heap   total reserved 1992704K, committed 58368K, used 23842K [0x0000000086600000, 0x0000000100000000)
  region size 1024K, 4 young (4096K), 4 survivors (4096K)
 Metaspace       used 41753K, committed 42304K, reserved 1114112K
  class space    used 5578K, committed 5824K, reserved 1048576K
}

Dll operation events (13 events):
Event: 0.007 Loaded shared library C:\Users\serge\.jdks\openjdk-23.0.2\bin\java.dll
Event: 0.039 Loaded shared library C:\Users\serge\.jdks\openjdk-23.0.2\bin\jsvml.dll
Event: 0.094 Loaded shared library C:\Users\serge\.jdks\openjdk-23.0.2\bin\zip.dll
Event: 0.096 Loaded shared library C:\Users\serge\.jdks\openjdk-23.0.2\bin\instrument.dll
Event: 0.100 Loaded shared library C:\Users\serge\.jdks\openjdk-23.0.2\bin\net.dll
Event: 0.101 Loaded shared library C:\Users\serge\.jdks\openjdk-23.0.2\bin\nio.dll
Event: 0.104 Loaded shared library C:\Users\serge\.jdks\openjdk-23.0.2\bin\zip.dll
Event: 0.156 Loaded shared library C:\Users\serge\.jdks\openjdk-23.0.2\bin\extnet.dll
Event: 0.176 Loaded shared library C:\Users\serge\.jdks\openjdk-23.0.2\bin\jimage.dll
Event: 1.098 Loaded shared library C:\Users\serge\.jdks\openjdk-23.0.2\bin\sunmscapi.dll
Event: 2.001 Loaded shared library C:\Users\serge\.jdks\openjdk-23.0.2\bin\management.dll
Event: 2.002 Loaded shared library C:\Users\serge\.jdks\openjdk-23.0.2\bin\management_ext.dll
Event: 2.695 Loaded shared library C:\Users\serge\.jdks\openjdk-23.0.2\bin\verify.dll

Deoptimization events (20 events):
Event: 2.896 Thread 0x000001e663aae080 Uncommon trap: trap_request=0xffffffde fr.pc=0x000001e673e60e18 relative=0x0000000000000f98
Event: 2.896 Thread 0x000001e663aae080 Uncommon trap: reason=class_check action=maybe_recompile pc=0x000001e673e60e18 method=java.util.concurrent.ConcurrentHashMap.putVal(Ljava/lang/Object;Ljava/lang/Object;Z)Ljava/lang/Object; @ 242 c2
Event: 2.896 Thread 0x000001e663aae080 DEOPT PACKING pc=0x000001e673e60e18 sp=0x0000008e737fe330
Event: 2.896 Thread 0x000001e663aae080 DEOPT UNPACKING pc=0x000001e673767982 sp=0x0000008e737fe2a0 mode 2
Event: 2.896 Thread 0x000001e663aae080 Uncommon trap: trap_request=0xffffffde fr.pc=0x000001e673e60e18 relative=0x0000000000000f98
Event: 2.896 Thread 0x000001e663aae080 Uncommon trap: reason=class_check action=maybe_recompile pc=0x000001e673e60e18 method=java.util.concurrent.ConcurrentHashMap.putVal(Ljava/lang/Object;Ljava/lang/Object;Z)Ljava/lang/Object; @ 242 c2
Event: 2.896 Thread 0x000001e663aae080 DEOPT PACKING pc=0x000001e673e60e18 sp=0x0000008e737fe330
Event: 2.896 Thread 0x000001e663aae080 DEOPT UNPACKING pc=0x000001e673767982 sp=0x0000008e737fe2a0 mode 2
Event: 2.903 Thread 0x000001e663aae080 Uncommon trap: trap_request=0xffffffde fr.pc=0x000001e673e60e18 relative=0x0000000000000f98
Event: 2.903 Thread 0x000001e663aae080 Uncommon trap: reason=class_check action=maybe_recompile pc=0x000001e673e60e18 method=java.util.concurrent.ConcurrentHashMap.putVal(Ljava/lang/Object;Ljava/lang/Object;Z)Ljava/lang/Object; @ 242 c2
Event: 2.903 Thread 0x000001e663aae080 DEOPT PACKING pc=0x000001e673e60e18 sp=0x0000008e737fe2d0
Event: 2.903 Thread 0x000001e663aae080 DEOPT UNPACKING pc=0x000001e673767982 sp=0x0000008e737fe240 mode 2
Event: 2.906 Thread 0x000001e663aae080 Uncommon trap: trap_request=0xffffffde fr.pc=0x000001e673e60d5c relative=0x0000000000000edc
Event: 2.906 Thread 0x000001e663aae080 Uncommon trap: reason=class_check action=maybe_recompile pc=0x000001e673e60d5c method=java.util.concurrent.ConcurrentHashMap.putVal(Ljava/lang/Object;Ljava/lang/Object;Z)Ljava/lang/Object; @ 159 c2
Event: 2.906 Thread 0x000001e663aae080 DEOPT PACKING pc=0x000001e673e60d5c sp=0x0000008e737fe4a0
Event: 2.906 Thread 0x000001e663aae080 DEOPT UNPACKING pc=0x000001e673767982 sp=0x0000008e737fe420 mode 2
Event: 2.906 Thread 0x000001e663aae080 Uncommon trap: trap_request=0xffffffde fr.pc=0x000001e673e60d5c relative=0x0000000000000edc
Event: 2.906 Thread 0x000001e663aae080 Uncommon trap: reason=class_check action=maybe_recompile pc=0x000001e673e60d5c method=java.util.concurrent.ConcurrentHashMap.putVal(Ljava/lang/Object;Ljava/lang/Object;Z)Ljava/lang/Object; @ 159 c2
Event: 2.906 Thread 0x000001e663aae080 DEOPT PACKING pc=0x000001e673e60d5c sp=0x0000008e737fe4a0
Event: 2.906 Thread 0x000001e663aae080 DEOPT UNPACKING pc=0x000001e673767982 sp=0x0000008e737fe420 mode 2

Classes loaded (20 events):
Event: 2.647 Loading class javax/xml/stream/FactoryFinder
Event: 2.647 Loading class javax/xml/stream/FactoryFinder done
Event: 2.647 Loading class javax/xml/stream/FactoryFinder$1
Event: 2.647 Loading class javax/xml/stream/FactoryFinder$1 done
Event: 2.648 Loading class com/sun/xml/internal/stream/events/XMLEventFactoryImpl
Event: 2.648 Loading class com/sun/xml/internal/stream/events/XMLEventFactoryImpl done
Event: 2.668 Loading class java/lang/Process
Event: 2.668 Loading class java/lang/Process done
Event: 2.679 Loading class java/lang/reflect/GenericSignatureFormatError
Event: 2.679 Loading class java/lang/reflect/GenericSignatureFormatError done
Event: 2.835 Loading class javax/naming/InvalidNameException
Event: 2.835 Loading class javax/naming/InvalidNameException done
Event: 2.835 Loading class javax/naming/event/NamingListener
Event: 2.835 Loading class javax/naming/event/NamingListener done
Event: 2.836 Loading class javax/naming/event/NamespaceChangeListener
Event: 2.836 Loading class javax/naming/event/NamespaceChangeListener done
Event: 2.876 Loading class java/util/regex/Pattern$1MatcherIterator
Event: 2.876 Loading class java/util/regex/Pattern$1MatcherIterator done
Event: 2.891 Loading class jdk/internal/reflect/MethodHandleIntegerFieldAccessorImpl
Event: 2.891 Loading class jdk/internal/reflect/MethodHandleIntegerFieldAccessorImpl done

Classes unloaded (0 events):
No events

Classes redefined (0 events):
No events

Internal exceptions (20 events):
Event: 1.857 Thread 0x000001e663aae080 Exception <a 'java/lang/NoSuchMethodError'{0x000000008df562b8}: 'java.lang.Object java.lang.invoke.DirectMethodHandle$Holder.invokeSpecial(java.lang.Object, java.lang.Object, java.lang.Object, java.lang.Object, int)'> (0x000000008df562b8) 
thrown [s\open\src\hotspot\share\interpreter\linkResolver.cpp, line 796]
Event: 1.857 Thread 0x000001e663aae080 Exception <a 'java/lang/NoSuchMethodError'{0x000000008df5eaa0}: 'java.lang.Object java.lang.invoke.Invokers$Holder.linkToTargetMethod(java.lang.Object, java.lang.Object, int, java.lang.Object)'> (0x000000008df5eaa0) 
thrown [s\open\src\hotspot\share\interpreter\linkResolver.cpp, line 796]
Event: 1.911 Thread 0x000001e663aae080 Exception <a 'java/lang/NoSuchMethodError'{0x000000008b63b7f0}: 'java.lang.Object java.lang.invoke.DirectMethodHandle$Holder.invokeStaticInit(java.lang.Object, int, int, int, int)'> (0x000000008b63b7f0) 
thrown [s\open\src\hotspot\share\interpreter\linkResolver.cpp, line 796]
Event: 1.925 Thread 0x000001e663aae080 Exception <a 'java/lang/NoSuchMethodError'{0x000000008b503930}: 'java.lang.Object java.lang.invoke.DirectMethodHandle$Holder.invokeStaticInit(java.lang.Object, java.lang.Object, int, int, int, int)'> (0x000000008b503930) 
thrown [s\open\src\hotspot\share\interpreter\linkResolver.cpp, line 796]
Event: 1.988 Thread 0x000001e663aae080 Exception <a 'java/lang/NoSuchMethodError'{0x0000000089533380}: 'int java.lang.invoke.DirectMethodHandle$Holder.invokeVirtual(java.lang.Object, java.lang.Object, java.lang.Object, java.lang.Object)'> (0x0000000089533380) 
thrown [s\open\src\hotspot\share\interpreter\linkResolver.cpp, line 796]
Event: 1.988 Thread 0x000001e663aae080 Exception <a 'java/lang/NoSuchMethodError'{0x0000000089536c18}: 'int java.lang.invoke.DelegatingMethodHandle$Holder.reinvoke_L(java.lang.Object, java.lang.Object, java.lang.Object, java.lang.Object)'> (0x0000000089536c18) 
thrown [s\open\src\hotspot\share\interpreter\linkResolver.cpp, line 796]
Event: 2.021 Thread 0x000001e663aae080 Exception <a 'java/io/FileNotFoundException'{0x000000008944db88}> (0x000000008944db88) 
thrown [s\open\src\hotspot\share\prims\jni.cpp, line 520]
Event: 2.053 Thread 0x000001e663aae080 Exception <a 'java/lang/NoSuchMethodError'{0x00000000892cf0d8}: 'int java.lang.invoke.DirectMethodHandle$Holder.invokeInterface(java.lang.Object, java.lang.Object, java.lang.Object, java.lang.Object)'> (0x00000000892cf0d8) 
thrown [s\open\src\hotspot\share\interpreter\linkResolver.cpp, line 796]
Event: 2.092 Thread 0x000001e663aae080 Exception <a 'java/lang/NoSuchMethodError'{0x0000000088f6ad98}: 'long java.lang.invoke.DirectMethodHandle$Holder.invokeVirtual(java.lang.Object, java.lang.Object)'> (0x0000000088f6ad98) 
thrown [s\open\src\hotspot\share\interpreter\linkResolver.cpp, line 796]
Event: 2.155 Thread 0x000001e663aae080 Exception <a 'java/lang/NoSuchMethodError'{0x0000000088971910}: method resolution failed> (0x0000000088971910) 
thrown [s\open\src\hotspot\share\prims\methodHandles.cpp, line 1145]
Event: 2.161 Thread 0x000001e663aae080 Exception <a 'java/lang/NoSuchMethodError'{0x00000000889bf668}: 'int java.lang.invoke.DirectMethodHandle$Holder.invokeStaticInit(java.lang.Object, java.lang.Object, java.lang.Object, java.lang.Object)'> (0x00000000889bf668) 
thrown [s\open\src\hotspot\share\interpreter\linkResolver.cpp, line 796]
Event: 2.321 Thread 0x000001e663aae080 Exception <a 'sun/nio/fs/WindowsException'{0x00000000887216b8}> (0x00000000887216b8) 
thrown [s\open\src\hotspot\share\prims\jni.cpp, line 520]
Event: 2.338 Thread 0x000001e663aae080 Exception <a 'java/lang/NoSuchMethodError'{0x000000008df389e0}: 'int java.lang.invoke.DirectMethodHandle$Holder.invokeInterface(java.lang.Object, java.lang.Object, int)'> (0x000000008df389e0) 
thrown [s\open\src\hotspot\share\interpreter\linkResolver.cpp, line 796]
Event: 2.341 Thread 0x000001e663aae080 Exception <a 'java/lang/IncompatibleClassChangeError'{0x000000008df3bfb0}: Found class java.lang.Object, but interface was expected> (0x000000008df3bfb0) 
thrown [s\open\src\hotspot\share\interpreter\linkResolver.cpp, line 863]
Event: 2.425 Thread 0x000001e663aae080 Exception <a 'java/lang/NoSuchMethodError'{0x000000008b6bac40}: 'java.lang.Object java.lang.invoke.DirectMethodHandle$Holder.invokeStaticInit(java.lang.Object, java.lang.Object, java.lang.Object, java.lang.Object)'> (0x000000008b6bac40) 
thrown [s\open\src\hotspot\share\interpreter\linkResolver.cpp, line 796]
Event: 2.437 Thread 0x000001e663aae080 Exception <a 'java/lang/NoSuchMethodError'{0x000000008b5ae090}: 'java.lang.Object java.lang.invoke.DirectMethodHandle$Holder.newInvokeSpecial(java.lang.Object, java.lang.Object, java.lang.Object, java.lang.Object, java.lang.Object, java.lang.Object, java.lang.Object, java.lang.Object, java.lang.Object, java.lang.Object, java.lang.Object)'> (0x000000008b5ae090) 
thrown [s\open\src\hotspot\share\interpreter\linkResolver.cpp, line 796]
Event: 2.490 Thread 0x000001e663aae080 Exception <a 'java/lang/NoSuchMethodError'{0x0000000089506c30}: 'void java.lang.invoke.DelegatingMethodHandle$Holder.reinvoke_L(java.lang.Object, java.lang.Object, java.lang.Object, java.lang.Object, int, java.lang.Object, java.lang.Object, java.lang.Object)'> (0x0000000089506c30) 
thrown [s\open\src\hotspot\share\interpreter\linkResolver.cpp, line 796]
Event: 2.545 Thread 0x000001e647cfe800 Implicit null exception at 0x000001e673ce2674 to 0x000001e673ce2f9f
Event: 2.848 Thread 0x000001e663aae080 Exception <a 'java/lang/NoSuchMethodError'{0x000000008959ac50}: 'int java.lang.invoke.DirectMethodHandle$Holder.invokeStatic(java.lang.Object)'> (0x000000008959ac50) 
thrown [s\open\src\hotspot\share\interpreter\linkResolver.cpp, line 796]
Event: 2.891 Thread 0x000001e663aae080 Exception <a 'java/lang/NoSuchMethodError'{0x00000000893f2c90}: 'int java.lang.invoke.Invokers$Holder.invokeExact_MT(java.lang.Object, java.lang.Object)'> (0x00000000893f2c90) 
thrown [s\open\src\hotspot\share\interpreter\linkResolver.cpp, line 796]

VM Operations (20 events):
Event: 2.075 Executing VM operation: HandshakeAllThreads (Deoptimize)
Event: 2.076 Executing VM operation: HandshakeAllThreads (Deoptimize) done
Event: 2.096 Executing VM operation: HandshakeAllThreads (Deoptimize)
Event: 2.096 Executing VM operation: HandshakeAllThreads (Deoptimize) done
Event: 2.321 Executing VM operation: HandshakeAllThreads (Deoptimize)
Event: 2.321 Executing VM operation: HandshakeAllThreads (Deoptimize) done
Event: 2.324 Executing VM operation: HandshakeAllThreads (Deoptimize)
Event: 2.324 Executing VM operation: HandshakeAllThreads (Deoptimize) done
Event: 2.329 Executing VM operation: CollectForMetadataAllocation (Metadata GC Threshold)
Event: 2.333 Executing VM operation: CollectForMetadataAllocation (Metadata GC Threshold) done
Event: 2.337 Executing VM operation: HandshakeAllThreads (Deoptimize)
Event: 2.338 Executing VM operation: HandshakeAllThreads (Deoptimize) done
Event: 2.338 Executing VM operation: G1PauseRemark
Event: 2.340 Executing VM operation: G1PauseRemark done
Event: 2.342 Executing VM operation: G1PauseCleanup
Event: 2.342 Executing VM operation: G1PauseCleanup done
Event: 2.524 Executing VM operation: HandshakeAllThreads (Deoptimize)
Event: 2.524 Executing VM operation: HandshakeAllThreads (Deoptimize) done
Event: 2.712 Executing VM operation: G1CollectForAllocation (G1 Evacuation Pause)
Event: 2.715 Executing VM operation: G1CollectForAllocation (G1 Evacuation Pause) done

Memory protections (0 events):
No events

Nmethod flushes (20 events):
Event: 2.340 Thread 0x000001e600b27e70 flushing  nmethod 0x000001e66c262a88
Event: 2.340 Thread 0x000001e600b27e70 flushing  nmethod 0x000001e66c263c88
Event: 2.340 Thread 0x000001e600b27e70 flushing  nmethod 0x000001e66c266488
Event: 2.340 Thread 0x000001e600b27e70 flushing  nmethod 0x000001e66c267188
Event: 2.340 Thread 0x000001e600b27e70 flushing  nmethod 0x000001e66c298008
Event: 2.340 Thread 0x000001e600b27e70 flushing  nmethod 0x000001e66c298308
Event: 2.340 Thread 0x000001e600b27e70 flushing  nmethod 0x000001e66c298888
Event: 2.340 Thread 0x000001e600b27e70 flushing  nmethod 0x000001e66c298b88
Event: 2.340 Thread 0x000001e600b27e70 flushing  nmethod 0x000001e66c29bc08
Event: 2.340 Thread 0x000001e600b27e70 flushing  nmethod 0x000001e66c2e6788
Event: 2.340 Thread 0x000001e600b27e70 flushing  nmethod 0x000001e66c2e7e08
Event: 2.340 Thread 0x000001e600b27e70 flushing  nmethod 0x000001e66c2e8208
Event: 2.340 Thread 0x000001e600b27e70 flushing  nmethod 0x000001e66c2e8608
Event: 2.340 Thread 0x000001e600b27e70 flushing  nmethod 0x000001e66c31b108
Event: 2.340 Thread 0x000001e600b27e70 flushing  nmethod 0x000001e66c37f788
Event: 2.340 Thread 0x000001e600b27e70 flushing  nmethod 0x000001e66c380508
Event: 2.340 Thread 0x000001e600b27e70 flushing  nmethod 0x000001e66c380f88
Event: 2.340 Thread 0x000001e600b27e70 flushing  nmethod 0x000001e66c381288
Event: 2.340 Thread 0x000001e600b27e70 flushing  nmethod 0x000001e66c381c88
Event: 2.340 Thread 0x000001e600b27e70 flushing  nmethod 0x000001e66c382188

Events (20 events):
Event: 0.037 Thread 0x000001e663aae080 Thread added: 0x000001e600b40930
Event: 0.037 Thread 0x000001e663aae080 Thread added: 0x000001e600b416f0
Event: 0.037 Thread 0x000001e663aae080 Thread added: 0x000001e600b4a6c0
Event: 0.037 Thread 0x000001e663aae080 Thread added: 0x000001e600b510e0
Event: 0.037 Thread 0x000001e663aae080 Thread added: 0x000001e600b51d60
Event: 0.079 Thread 0x000001e663aae080 Thread added: 0x000001e600c4ee40
Event: 0.120 Thread 0x000001e600b51d60 Thread added: 0x000001e600d7f510
Event: 0.150 Thread 0x000001e663aae080 Thread added: 0x000001e600f9db80
Event: 0.150 Thread 0x000001e663aae080 Thread added: 0x000001e600f9e1f0
Event: 0.659 Thread 0x000001e663aae080 Thread added: 0x000001e646ba3d50
Event: 0.791 Thread 0x000001e600b51d60 Thread added: 0x000001e6472ce610
Event: 1.003 Thread 0x000001e663aae080 Thread added: 0x000001e6476abd30
Event: 1.019 Thread 0x000001e6476abd30 Thread exited: 0x000001e6476abd30
Event: 1.103 Thread 0x000001e646ba3d50 Thread exited: 0x000001e646ba3d50
Event: 2.101 Thread 0x000001e663aae080 Thread added: 0x000001e648433240
Event: 2.102 Thread 0x000001e648433240 Thread added: 0x000001e648341600
Event: 2.105 Thread 0x000001e663aae080 Thread added: 0x000001e647cfe170
Event: 2.400 Thread 0x000001e663aae080 Thread added: 0x000001e647cfc730
Event: 2.411 Thread 0x000001e663aae080 Thread added: 0x000001e647cfee90
Event: 2.513 Thread 0x000001e647cfee90 Thread added: 0x000001e647cfe800


Dynamic libraries:
0x00007ff7563d0000 - 0x00007ff7563de000 	C:\Users\serge\.jdks\openjdk-23.0.2\bin\java.exe
0x00007fff47c70000 - 0x00007fff47e68000 	C:\Windows\SYSTEM32\ntdll.dll
0x00007fff468e0000 - 0x00007fff469a2000 	C:\Windows\System32\KERNEL32.DLL
0x00007fff45880000 - 0x00007fff45b76000 	C:\Windows\System32\KERNELBASE.dll
0x00007fff45780000 - 0x00007fff45880000 	C:\Windows\System32\ucrtbase.dll
0x00007fff42a80000 - 0x00007fff42a97000 	C:\Users\serge\.jdks\openjdk-23.0.2\bin\jli.dll
0x00007fff42a60000 - 0x00007fff42a7b000 	C:\Users\serge\.jdks\openjdk-23.0.2\bin\VCRUNTIME140.dll
0x00007fff46060000 - 0x00007fff461fd000 	C:\Windows\System32\USER32.dll
0x00007fff446b0000 - 0x00007fff4494a000 	C:\Windows\WinSxS\amd64_microsoft.windows.common-controls_6595b64144ccf1df_6.0.19041.5794_none_60bcd33171f2783c\COMCTL32.dll
0x00007fff45430000 - 0x00007fff45452000 	C:\Windows\System32\win32u.dll
0x00007fff46510000 - 0x00007fff4653b000 	C:\Windows\System32\GDI32.dll
0x00007fff46f40000 - 0x00007fff46fde000 	C:\Windows\System32\msvcrt.dll
0x00007fff45b80000 - 0x00007fff45c9a000 	C:\Windows\System32\gdi32full.dll
0x00007fff45310000 - 0x00007fff453ad000 	C:\Windows\System32\msvcp_win.dll
0x00007fff46430000 - 0x00007fff4645f000 	C:\Windows\System32\IMM32.DLL
0x00007fff44c80000 - 0x00007fff44c8c000 	C:\Users\serge\.jdks\openjdk-23.0.2\bin\vcruntime140_1.dll
0x00007fff425e0000 - 0x00007fff4266e000 	C:\Users\serge\.jdks\openjdk-23.0.2\bin\msvcp140.dll
0x00007fff07800000 - 0x00007fff08550000 	C:\Users\serge\.jdks\openjdk-23.0.2\bin\server\jvm.dll
0x00007fff46460000 - 0x00007fff4650f000 	C:\Windows\System32\ADVAPI32.dll
0x00007fff46390000 - 0x00007fff4642f000 	C:\Windows\System32\sechost.dll
0x00007fff46260000 - 0x00007fff46383000 	C:\Windows\System32\RPCRT4.dll
0x00007fff453b0000 - 0x00007fff453d7000 	C:\Windows\System32\bcrypt.dll
0x00007fff46a90000 - 0x00007fff46afb000 	C:\Windows\System32\WS2_32.dll
0x00007fff44f00000 - 0x00007fff44f4b000 	C:\Windows\SYSTEM32\POWRPROF.dll
0x00007fff3f6b0000 - 0x00007fff3f6ba000 	C:\Windows\SYSTEM32\VERSION.dll
0x00007fff380d0000 - 0x00007fff380f7000 	C:\Windows\SYSTEM32\WINMM.dll
0x00007fff44a40000 - 0x00007fff44a52000 	C:\Windows\SYSTEM32\UMPDC.dll
0x00007fff42ad0000 - 0x00007fff42ae2000 	C:\Windows\SYSTEM32\kernel.appcore.dll
0x00007fff42820000 - 0x00007fff4282a000 	C:\Users\serge\.jdks\openjdk-23.0.2\bin\jimage.dll
0x00007fff44cf0000 - 0x00007fff44ef1000 	C:\Windows\SYSTEM32\DBGHELP.DLL
0x00007fff44c30000 - 0x00007fff44c64000 	C:\Windows\SYSTEM32\dbgcore.DLL
0x00007fff45460000 - 0x00007fff454e2000 	C:\Windows\System32\bcryptPrimitives.dll
0x00007fff42810000 - 0x00007fff4281f000 	C:\Users\serge\.jdks\openjdk-23.0.2\bin\instrument.dll
0x00007fff427f0000 - 0x00007fff4280e000 	C:\Users\serge\.jdks\openjdk-23.0.2\bin\java.dll
0x00007fff45f30000 - 0x00007fff4605b000 	C:\Windows\System32\ole32.dll
0x00007fff46bd0000 - 0x00007fff46f23000 	C:\Windows\System32\combase.dll
0x00007fff474c0000 - 0x00007fff47c2e000 	C:\Windows\System32\SHELL32.dll
0x00007fff42cd0000 - 0x00007fff43473000 	C:\Windows\SYSTEM32\windows.storage.dll
0x00007fff44560000 - 0x00007fff4458b000 	C:\Windows\SYSTEM32\Wldp.dll
0x00007fff465a0000 - 0x00007fff4666d000 	C:\Windows\System32\OLEAUT32.dll
0x00007fff46790000 - 0x00007fff4683d000 	C:\Windows\System32\SHCORE.dll
0x00007fff46a30000 - 0x00007fff46a85000 	C:\Windows\System32\shlwapi.dll
0x00007fff45240000 - 0x00007fff45265000 	C:\Windows\SYSTEM32\profapi.dll
0x00007fff42500000 - 0x00007fff425d7000 	C:\Users\serge\.jdks\openjdk-23.0.2\bin\jsvml.dll
0x00007fff41cd0000 - 0x00007fff41ce7000 	C:\Users\serge\.jdks\openjdk-23.0.2\bin\zip.dll
0x00007fff427e0000 - 0x00007fff427f0000 	C:\Users\serge\.jdks\openjdk-23.0.2\bin\net.dll
0x00007fff44260000 - 0x00007fff442cc000 	C:\Windows\system32\mswsock.dll
0x00007fff41cf0000 - 0x00007fff41d06000 	C:\Users\serge\.jdks\openjdk-23.0.2\bin\nio.dll
0x00007fff427d0000 - 0x00007fff427d9000 	C:\Users\serge\.jdks\openjdk-23.0.2\bin\extnet.dll
0x00007fff424a0000 - 0x00007fff424ae000 	C:\Users\serge\.jdks\openjdk-23.0.2\bin\sunmscapi.dll
0x00007fff45620000 - 0x00007fff4577d000 	C:\Windows\System32\CRYPT32.dll
0x00007fff44620000 - 0x00007fff44647000 	C:\Windows\SYSTEM32\ncrypt.dll
0x00007fff445c0000 - 0x00007fff445fb000 	C:\Windows\SYSTEM32\NTASN1.dll
0x00007fff45080000 - 0x00007fff45098000 	C:\Windows\SYSTEM32\CRYPTSP.dll
0x00007fff43c50000 - 0x00007fff43c88000 	C:\Windows\system32\rsaenh.dll
0x00007fff45200000 - 0x00007fff4522e000 	C:\Windows\SYSTEM32\USERENV.dll
0x00007fff44500000 - 0x00007fff4450c000 	C:\Windows\SYSTEM32\CRYPTBASE.dll
0x00007fff43f80000 - 0x00007fff43fbb000 	C:\Windows\SYSTEM32\IPHLPAPI.DLL
0x00007fff46f30000 - 0x00007fff46f38000 	C:\Windows\System32\NSI.dll
0x00007fff42440000 - 0x00007fff4244a000 	C:\Users\serge\.jdks\openjdk-23.0.2\bin\management.dll
0x00007fff41cc0000 - 0x00007fff41ccb000 	C:\Users\serge\.jdks\openjdk-23.0.2\bin\management_ext.dll
0x00007fff47040000 - 0x00007fff47048000 	C:\Windows\System32\PSAPI.DLL
0x00007fff43fc0000 - 0x00007fff4408a000 	C:\Windows\SYSTEM32\DNSAPI.dll
0x00007fff3ca40000 - 0x00007fff3ca4a000 	C:\Windows\System32\rasadhlp.dll
0x00007fff3d1f0000 - 0x00007fff3d270000 	C:\Windows\System32\fwpuclnt.dll
0x00007fff41cb0000 - 0x00007fff41cc0000 	C:\Users\serge\.jdks\openjdk-23.0.2\bin\verify.dll

dbghelp: loaded successfully - version: 4.0.5 - missing functions: none
symbol engine: initialized successfully - sym options: 0x614 - pdb path: .;C:\Users\serge\.jdks\openjdk-23.0.2\bin;C:\Windows\SYSTEM32;C:\Windows\WinSxS\amd64_microsoft.windows.common-controls_6595b64144ccf1df_6.0.19041.5794_none_60bcd33171f2783c;C:\Users\serge\.jdks\openjdk-23.0.2\bin\server

VM Arguments:
jvm_args: -javaagent:C:\Program Files\JetBrains\IntelliJ IDEA Community Edition 2025.1.1.1\lib\idea_rt.jar=58670 -Dfile.encoding=UTF-8 -Dsun.stdout.encoding=UTF-8 -Dsun.stderr.encoding=UTF-8 
java_command: com.example.coursachTrzbd.CoursachTrzbdApplication
java_class_path (initial): E:\Êóðñîâàÿ\ÒÐÇÁÄ\coursachTrzbd\target\classes;C:\Users\serge\.m2\repository\org\springframework\boot\spring-boot-starter-data-jpa\3.4.6\spring-boot-starter-data-jpa-3.4.6.jar;C:\Users\serge\.m2\repository\org\springframework\boot\spring-boot-starter\3.4.6\spring-boot-starter-3.4.6.jar;C:\Users\serge\.m2\repository\org\springframework\boot\spring-boot\3.4.6\spring-boot-3.4.6.jar;C:\Users\serge\.m2\repository\org\springframework\boot\spring-boot-autoconfigure\3.4.6\spring-boot-autoconfigure-3.4.6.jar;C:\Users\serge\.m2\repository\org\springframework\boot\spring-boot-starter-logging\3.4.6\spring-boot-starter-logging-3.4.6.jar;C:\Users\serge\.m2\repository\ch\qos\logback\logback-classic\1.5.18\logback-classic-1.5.18.jar;C:\Users\serge\.m2\repository\ch\qos\logback\logback-core\1.5.18\logback-core-1.5.18.jar;C:\Users\serge\.m2\repository\org\apache\logging\log4j\log4j-to-slf4j\2.24.3\log4j-to-slf4j-2.24.3.jar;C:\Users\serge\.m2\repository\org\apache\logging\log4j\log4j-api\2.24.3\log4j-api-2.24.3.jar;C:\Users\serge\.m2\repository\org\slf4j\jul-to-slf4j\2.0.17\jul-to-slf4j-2.0.17.jar;C:\Users\serge\.m2\repository\jakarta\annotation\jakarta.annotation-api\2.1.1\jakarta.annotation-api-2.1.1.jar;C:\Users\serge\.m2\repository\org\yaml\snakeyaml\2.3\snakeyaml-2.3.jar;C:\Users\serge\.m2\repository\org\springframework\boot\spring-boot-starter-jdbc\3.4.6\spring-boot-starter-jdbc-3.4.6.jar;C:\Users\serge\.m2\repository\com\zaxxer\HikariCP\5.1.0\HikariCP-5.1.0.jar;C:\Users\serge\.m2\repository\org\springframework\spring-jdbc\6.2.7\spring-jdbc-6.2.7.jar;C:\Users\serge\.m2\repository\org\hibernate\orm\hibernate-core\6.6.15.Final\hibernate-core-6.6.15.Final.jar;C:\Users\serge\.m2\repository\jakarta\persistence\jakarta.persistence-api\3.1.0\jakarta.persistence-api-3.1.0.jar;C:\Users\serge\.m2\repository\jakarta\transaction\jakarta.transaction-api\2.0.1\jakarta.transaction-api-2.0.1.jar;C:\Users\serge\.m2\repository\org\jboss\logging\jboss-logging\3.6.1.Final\jboss-logging-3.6.1.Final.jar;C:\Users\serge\.m2\repository\org\hibernate\common\hibernate-commons-annotations\7.0.3.Final\hibernate-commons-annotations-7.0.3.Final.jar;C:\Users\serge\.m2\repository\io\smallrye\jandex\3.2.0\jandex-3.2.0.jar;C:\Users\serge\.m2\repository\com\fasterxml\classmate\1.7.0\classmate-1.7.0.jar;C:\Users\serge\.m2\repository\net\bytebuddy\byte-buddy\1.15.11\byte-buddy-1.15.11.jar;C:\Users\serge\.m2\repository\org\glassfish\jaxb\jaxb-runtime\4.0.5\jaxb-runtime-4.0.5.jar;C:\Users\serge\.m2\repository\org\glassfish\jaxb\jaxb-core\4.0.5\jaxb-core-4.0.5.jar;C:\Users\serge\.m2\repository\org\eclipse\angus\angus-activation\2.0.2\angus-activation-2.0.2.jar;C:\Users\serge\.m2\repository\org\glassfish\jaxb\txw2\4.0.5\txw2-4.0.5.jar;C:\Users\serge\.m2\repository\com\sun\istack\istack-commons-runtime\4.1.2\istack-commons-runtime-4.1.2.jar;C:\Users\serge\.m2\repository\jakarta\inject\jakarta.inject-api\2.0.1\jakarta.inject-api-2.0.1.jar;C:\Users\serge\.m2\repository\org\antlr\antlr4-runtime\4.13.0\antlr4-runtime-4.13.0.jar;C:\Users\serge\.m2\repository\org\springframework\data\spring-data-jpa\3.4.6\spring-data-jpa-3.4.6.jar;C:\Users\serge\.m2\repository\org\springframework\data\spring-data-commons\3.4.6\spring-data-commons-3.4.6.jar;C:\Users\serge\.m2\repository\org\springframework\spring-orm\6.2.7\spring-orm-6.2.7.jar;C:\Users\serge\.m2\repository\org\springframework\spring-context\6.2.7\spring-context-6.2.7.jar;C:\Users\serge\.m2\repository\org\springframework\spring-tx\6.2.7\spring-tx-6.2.7.jar;C:\Users\serge\.m2\repository\org\springframework\spring-beans\6.2.7\spring-beans-6.2.7.jar;C:\Users\serge\.m2\repository\org\springframework\spring-aspects\6.2.7\spring-aspects-6.2.7.jar;C:\Users\serge\.m2\repository\org\aspectj\aspectjweaver\1.9.24\aspectjweaver-1.9.24.jar;C:\Users\serge\.m2\repository\org\springframework\boot\spring-boot-starter-security\3.4.6\spring-boot-starter-security-3.4.6.jar;C:\Users\serge\.m2\repository\org\springframework\spring-aop\6.2.7\spring-aop-6.2.7.jar;C:\Users\serge\.m2\repository\org\springframework\security\spring-security-config\6.4.6\spring-security-config-6.4.6.jar;C:\Users\serge\.m2\repository\org\springframework\security\spring-security-web\6.4.6\spring-security-web-6.4.6.jar;C:\Users\serge\.m2\repository\org\springframework\spring-expression\6.2.7\spring-expression-6.2.7.jar;C:\Users\serge\.m2\repository\org\springframework\boot\spring-boot-starter-web\3.4.6\spring-boot-starter-web-3.4.6.jar;C:\Users\serge\.m2\repository\org\springframework\boot\spring-boot-starter-json\3.4.6\spring-boot-starter-json-3.4.6.jar;C:\Users\serge\.m2\repository\com\fasterxml\jackson\core\jackson-databind\2.18.4\jackson-databind-2.18.4.jar;C:\Users\serge\.m2\repository\com\fasterxml\jackson\core\jackson-annotations\2.18.4\jackson-annotations-2.18.4.jar;C:\Users\serge\.m2\repository\com\fasterxml\jackson\core\jackson-core\2.18.4\jackson-core-2.18.4.jar;C:\Users\serge\.m2\repository\com\fasterxml\jackson\datatype\jackson-datatype-jdk8\2.18.4\jackson-datatype-jdk8-2.18.4.jar;C:\Users\serge\.m2\repository\com\fasterxml\jackson\datatype\jackson-datatype-jsr310\2.18.4\jackson-datatype-jsr310-2.18.4.jar;C:\Users\serge\.m2\repository\com\fasterxml\jackson\module\jackson-module-parameter-names\2.18.4\jackson-module-parameter-names-2.18.4.jar;C:\Users\serge\.m2\repository\org\springframework\boot\spring-boot-starter-tomcat\3.4.6\spring-boot-starter-tomcat-3.4.6.jar;C:\Users\serge\.m2\repository\org\apache\tomcat\embed\tomcat-embed-core\10.1.41\tomcat-embed-core-10.1.41.jar;C:\Users\serge\.m2\repository\org\apache\tomcat\embed\tomcat-embed-websocket\10.1.41\tomcat-embed-websocket-10.1.41.jar;C:\Users\serge\.m2\repository\org\springframework\spring-web\6.2.7\spring-web-6.2.7.jar;C:\Users\serge\.m2\repository\io\micrometer\micrometer-observation\1.14.7\micrometer-observation-1.14.7.jar;C:\Users\serge\.m2\repository\io\micrometer\micrometer-commons\1.14.7\micrometer-commons-1.14.7.jar;C:\Users\serge\.m2\repository\org\springframework\spring-webmvc\6.2.7\spring-webmvc-6.2.7.jar;C:\Users\serge\.m2\repository\org\springframework\boot\spring-boot-starter-thymeleaf\3.4.6\spring-boot-starter-thymeleaf-3.4.6.jar;C:\Users\serge\.m2\repository\org\thymeleaf\thymeleaf-spring6\3.1.3.RELEASE\thymeleaf-spring6-3.1.3.RELEASE.jar;C:\Users\serge\.m2\repository\org\thymeleaf\thymeleaf\3.1.3.RELEASE\thymeleaf-3.1.3.RELEASE.jar;C:\Users\serge\.m2\repository\ognl\ognl\3.3.4\ognl-3.3.4.jar;C:\Users\serge\.m2\repository\org\javassist\javassist\3.29.0-GA\javassist-3.29.0-GA.jar;C:\Users\serge\.m2\repository\org\attoparser\attoparser\2.0.7.RELEASE\attoparser-2.0.7.RELEASE.jar;C:\Users\serge\.m2\repository\org\unbescape\unbescape\1.1.6.RELEASE\unbescape-1.1.6.RELEASE.jar;C:\Users\serge\.m2\repository\org\slf4j\slf4j-api\2.0.17\slf4j-api-2.0.17.jar;C:\Users\serge\.m2\repository\org\springframework\boot\spring-boot-starter-validation\3.4.6\spring-boot-starter-validation-3.4.6.jar;C:\Users\serge\.m2\repository\org\apache\tomcat\embed\tomcat-embed-el\10.1.41\tomcat-embed-el-10.1.41.jar;C:\Users\serge\.m2\repository\org\hibernate\validator\hibernate-validator\8.0.2.Final\hibernate-validator-8.0.2.Final.jar;C:\Users\serge\.m2\repository\jakarta\validation\jakarta.validation-api\3.0.2\jakarta.validation-api-3.0.2.jar;C:\Users\serge\.m2\repository\org\postgresql\postgresql\42.7.5\postgresql-42.7.5.jar;C:\Users\serge\.m2\repository\org\checkerframework\checker-qual\3.48.3\checker-qual-3.48.3.jar;C:\Users\serge\.m2\repository\jakarta\xml\bind\jakarta.xml.bind-api\4.0.2\jakarta.xml.bind-api-4.0.2.jar;C:\Users\serge\.m2\repository\jakarta\activation\jakarta.activation-api\2.1.3\jakarta.activation-api-2.1.3.jar;C:\Users\serge\.m2\repository\org\springframework\spring-core\6.2.7\spring-core-6.2.7.jar;C:\Users\serge\.m2\repository\org\springframework\spring-jcl\6.2.7\spring-jcl-6.2.7.jar;C:\Users\serge\.m2\repository\org\springframework\security\spring-security-core\6.4.6\spring-security-core-6.4.6.jar;C:\Users\serge\.m2\repository\org\springframework\security\spring-security-crypto\6.4.6\spring-security-crypto-6.4.6.jar
Launcher Type: SUN_STANDARD

[Global flags]
     intx CICompilerCount                          = 4                                         {product} {ergonomic}
     uint ConcGCThreads                            = 3                                         {product} {ergonomic}
     uint G1ConcRefinementThreads                  = 10                                        {product} {ergonomic}
   size_t G1HeapRegionSize                         = 1048576                                   {product} {ergonomic}
   size_t InitialHeapSize                          = 127926272                                 {product} {ergonomic}
   size_t MarkStackSize                            = 4194304                                   {product} {ergonomic}
   size_t MarkStackSizeMax                         = 536870912                                 {product} {ergonomic}
   size_t MaxHeapSize                              = 2040528896                                {product} {ergonomic}
   size_t MaxNewSize                               = 1223688192                                {product} {ergonomic}
   size_t MinHeapDeltaBytes                        = 1048576                                   {product} {ergonomic}
   size_t MinHeapSize                              = 8388608                                   {product} {ergonomic}
    uintx NonNMethodCodeHeapSize                   = 5832704                                {pd product} {ergonomic}
    uintx NonProfiledCodeHeapSize                  = 122945536                              {pd product} {ergonomic}
    uintx ProfiledCodeHeapSize                     = 122880000                              {pd product} {ergonomic}
    uintx ReservedCodeCacheSize                    = 251658240                              {pd product} {ergonomic}
     bool SegmentedCodeCache                       = true                                      {product} {ergonomic}
   size_t SoftMaxHeapSize                          = 2040528896                             {manageable} {ergonomic}
     bool UseCompressedOops                        = true                           {product lp64_product} {ergonomic}
     bool UseG1GC                                  = true                                      {product} {ergonomic}
     bool UseLargePagesIndividualAllocation        = false                                  {pd product} {ergonomic}

Logging:
Log output configuration:
 #0: stdout all=warning uptime,level,tags foldmultilines=false
 #1: stderr all=off uptime,level,tags foldmultilines=false

Environment Variables:
PATH=C:\Windows\system32;C:\Windows;C:\Windows\System32\Wbem;C:\Windows\System32\WindowsPowerShell\v1.0\;C:\Windows\System32\OpenSSH\;C:\Program Files\Git\cmd;C:\Program Files\dotnet\;C:\ProgramData\chocolatey\bin;C:\Program Files\Docker\Docker\resources\bin;C:\Program Files\MySQL\MySQL Shell 8.0\bin\;C:\Users\serge\AppData\Local\Microsoft\WindowsApps;C:\Users\serge\.dotnet\tools
USERNAME=serge
OS=Windows_NT
PROCESSOR_IDENTIFIER=Intel64 Family 6 Model 167 Stepping 1, GenuineIntel
TMP=C:\Users\serge\AppData\Local\Temp
TEMP=C:\Users\serge\AppData\Local\Temp




Periodic native trim disabled

---------------  S Y S T E M  ---------------

OS:
 Windows 10 , 64 bit Build 19041 (10.0.19041.5794)
OS uptime: 0 days 1:21 hours
Hyper-V role detected

CPU: total 12 (initial active 12) (6 cores per cpu, 2 threads per core) family 6 model 167 stepping 1 microcode 0x50, cx8, cmov, fxsr, ht, mmx, 3dnowpref, sse, sse2, sse3, ssse3, sse4.1, sse4.2, popcnt, lzcnt, tsc, tscinvbit, avx, avx2, aes, erms, clmul, bmi1, bmi2, adx, avx512f, avx512dq, avx512cd, avx512bw, avx512vl, sha, fma, vzeroupper, avx512_vpopcntdq, avx512_vpclmulqdq, avx512_vaes, avx512_vnni, clflush, clflushopt, avx512_vbmi2, avx512_vbmi, hv, rdtscp, rdpid, fsrm, gfni, avx512_bitalg, f16c, avx512_ifma
Processor Information for the first 12 processors :
  Max Mhz: 2592, Current Mhz: 2592, Mhz Limit: 2592

Memory: 4k page, system-wide physical 7783M (1052M free)
TotalPageFile size 12647M (AvailPageFile size 3486M)
current process WorkingSet (physical memory assigned to process): 229M, peak: 236M
current process commit charge ("private bytes"): 271M, peak: 278M

vm_info: OpenJDK 64-Bit Server VM (23.0.2+7-58) for windows-amd64 JRE (23.0.2+7-58), built on 2024-11-29T09:34:55Z with MS VC++ 17.6 (VS2022)

END.
